crowded
straight
finicky
handsomely
arithmetic
strong
blind
wine
stop
grease
cute
afraid
mine
inconclusive
frantic
cover
permit
greet
inconclusive
cute
field
exultant
stranger
fortunate
window
thrill
grape
furtive
rod
connect
star
boast
precious
crooked
adjustment
voracious
hate
cream
plastic
muddled
pager
grab
likeable
work
men
raise
intelligent
itch
inquisitive
upset
ladybug
orange
undesirable
crook
harm
determined
adjoining
good
anger
mature
stop
cap
chalk
sordid
hot
copper
crash
pushy
attach
rainstorm
handsomely
wistful
deeply
rescue
contain
pickle
snake
admit
sparkle
abortive
camp
untidy
hop
authority
paste
remain
explain
ambiguous
glossy
disappear
agreement
stop
dust
imagine
like
oven
growth
amusing
sparkle
bleach
magnificent
serious
care
stuff
instruct
fang
tame
listen
bubble
magnificent
noise
pin
place
school
hospital
delicious
tasteful
cooperative
courageous
six
say
toys
kill
harass
godly
trucks
unit
observe
fairies
program
assorted
engine
smiling
stop
cherry
elated
twist
sincere
lovely
island
phone
machine
puzzling
actually
flowery
dysfunctional
apparatus
cultured
stretch
air
wry
wealthy
young
bone
wrap
earth
crib
rough
silver
two
horrible
death
absorbed
six
help
soup
chief
sin
wipe
anxious
delay
welcome
manage
quirky
release
modern
thinkable
freezing
small
pencil
ruddy
lumber
cemetery
quarter
pop
disarm
poke
inquisitive
stimulating
COMMON
BAKE
MARKED
EXOTIC
DAFFY
DRIP
THAW
ASTONISHING
BEST
SUFFER
ABUSIVE
PSYCHEDELIC
STRING
INSTRUCT
ENGINE
PROBABLE
bat
things
energetic
snow
fertile
available
number
challenge
fancy
swanky
scare
demonic
plane
known
perpetual
connection
pushy
word
lock
dock
lumber
smell
jeans
flame
jump
mass
achiever
improve
chase
polite
learn
connect
aspiring
snatch
frantic
heal
cheat
devilish
CUSHION
NEST
VARIOUS
CHERRY
WIPE
OBEDIENT
CHILLY
FISH
TANK
DRAB
HELPFUL
ROB
CURRENT
BURN
BOARD
EXTEND
ARM
GRATE
PARK
VEIL
ABANDONED
CONNECT
MATCH
SCANDALOUS
NUMEROUS
PRINT
SILKY
cracker
curtain
trousers
savory
continue
grey
wry
mailbox
nerve
selfish
macho
afternoon
kick
dashing
book
lake
point
valuable
queen
impossible
trick
understood
form
inject
harass
married
badge
double
halting
breezy
roomy
pink
square
disagreeable
market
abounding
swift
tested
introduce
water
bake
telling
own
broad
swift
miniature
callous
goofy
arrange
neighborly
transport
examine
airplane
plane
hushed
bear
answer
guiltless
quarter
rifle
land
sponge
border
lazy
pin
suspect
sleepy
tearful
title
love
observant
serve
theory
greet
spurious
possessive
drop
needle
porter
dance
long
haunt
expansion
receive
cause
drip
feeble
bathe
shaggy
hole
system
structure
winter
thick
advertisement
partner
brother
skate
complex
cows
kick
zonked
mark
giraffe
son
plants
fierce
behave
spiritual
shallow
thick
farm
change
ossified
close
aware
unfasten
flood
frog
electric
poison
realise
witty
sax
handy
ten
alert
challenge
skip
grubby
earth
puncture
end
invite
knit
extend
foolish
abortive
bone
ray
sour
powder
aggressive
light
terrible
prepare
intend
kittens
imperfect
homeless
filthy
tick
amuse
unruly
broken
invent
alcoholic
bustling
town
boundary
miniature
deliver
famous
fetch
guide
fork
proud
fail
NIFTY
SCARY
PROSE
FEARFUL
DIVERGENT
MEND
QUARRELSOME
WHIP
GOOD
FROGS
BORROW
ROCK
TROT
CREATURE
MEASURE
NEIGHBORLY
sages
educated
preserve
nose
nose
better
mammoth
water
hallowed
follow
suck
shut
lamp
snow
attractive
unsuitable
quick
strengthen
magnificent
burn
fat
sweltering
impartial
knowledgeable
prickly
cub
fertile
screeching
authority
mend
hair
mask
electric
cowardly
light
rub
undesirable
tiger
moor
honorable
square
average
breathe
CASE
substantial
ring
stretch
shocking
visit
step
glossy
helpless
resolute
learn
eyes
concerned
magical
dress
thumb
splendid
bath
bump
cannon
dress
rainy
neck
canvas
splendid
threatening
silent
receive
measure
oval
spring
spectacular
honey
question
thoughtful
judge
bright
notebook
square
button
channel
disgusted
fold
impress
abject
step
horse
tiny
hydrant
youthful
waggish
trust
year
wash
wish
mother
bomb
agree
jar
didactic
spill
double
bathe
arithmetic
alive
questionable
manage
regret
please
unpack
creator
table
confused
x-ray
tender
useful
miniature
committee
deserted
relieved
inject
potato
reply
young
tame
bag
creator
lamentable
squeak
odd
amounts
CONTOUR
telling
tranquil
pick
redundant
hover
sock
previous
wrist
request
abiding
clean
part
intelligent
thunder
structure
young
pail
kindhearted
rages
axiomatic
drawer
clammy
incandescent
three
dam
soup
class
nondescript
soft
inexpensive
notebook
lucky
delirious
increase
boorish
gamy
ducks
jewel
middle
fretful
quicksand
spiders
birth
feeling
hand
proud
curvy
identify
tan
experience
astride
trees
spooky
team
front
stupid
sign
weight
boot
town
vagabond
woman
acre
pull
sedate
spot
abject
motionless
double
hesitant
shelf
sniff
bag
haunt
flag
familiar
tongue
uninterested
massive
song
acres
saw
dam
basketball
escape
downtown
spot
caper
shaggy
trouble
kittens
OPEN
SHOP
STRAP
FLAVOR
COACH
FILL
JEWEL
CAPES
SOAK
NEEDLE
LONGING
MARRIED
PROPERTY
PAST
JUMP
OVERT
PINCH
CRIB
HISSING
RICH
AUTHORITY
CARRIAGE
SACK
BELL
INFLUENCE
PLOT
GRIN
ROUND
COUNTRY
LISTEN
SCENE
plant
energetic
deer
fertile
imperfect
attend
frog
groan
polish
smiling
tough
pale
whirl
industrious
railway
bright
battle
obeisant
tranquil
activity
reject
greasy
painful
laugh
fish
conscious
fire
fascinated
tax
degree
cycle
paw
laugh
bells
chase
muscle
obsequious
hallowed
treat
arithmetic
invent
stranger
plug
found
prose
amuck
book
attach
decisive
polish
confused
deadpan
afraid
buzz
pull
advertisement
pause
ill
dapper
cute
library
time
cover
bike
peel
raw
answer
war
typical
left
small
cough
influence
CRUSHED
absorbed
dolls
guitar
economic
ring
pay
appear
BASES
plough
itchy
lively
ubiquitous
historical
afraid
yummy
concerned
spicy
bushes
grieving
orange
raids
elbow
breath
tow
famous
license
majestic
hate
scream
thin
jittery
mine
match
inject
door
governor
tour
dust
bells
obedient
truculent
automatic
remove
witty
therapeutic
panicky
panoramic
exchange
level
save
youthful
group
cracker
sign
horn
bathe
thin
accidental
nonstop
delirious
field
coach
recognise
week
exclusive
cooperative
hate
precede
believe
rice
deranged
brief
aberrant
matter
gifted
competition
sheep
tickle
stir
pull
ancient
string
produce
fill
smiling
muddled
bed
explain
relation
account
reduce
absorbing
son
cellar
funny
team
shave
ludicrous
sore
psychedelic
fat
busy
unkempt
hate
common
exist
whirl
air
exchange
offend
sound
smile
permissible
doubt
sparkling
disappear
ugliest
veil
teaching
exchange
mint
baseball
friends
pan
disturbed
nostalgic
disappear
pump
spring
workable
tiny
better
buzz
hungry
fear
rich
bards
new
cracker
drown
bolt
serious
duck
eye
dirt
wary
waves
sweater
planes
smoke
old
brush
panoramic
scorch
whistle
marble
value
subtract
sore
crib
tested
arrogant
distance
field
one
middle
sick
uptight
sound
enormous
shaky
sugar
abrupt
own
embarrass
drown
gamy
connect
tightfisted
internal
bang
support
aggressive
uptight
suffer
sack
leg
spring
spark
puffy
gruesome
sneaky
homeless
bizarre
electric
heap
bone
doll
wink
festive
disastrous
marked
tired
cloudy
tremendous
obnoxious
silver
resonant
black
miniature
rural
texture
signal
talk
gorgeous
dapper
dress
flap
education
bawdy
smash
regret
kindhearted
idiotic
evanescent
loud
blot
steadfast
brushed
touch
porter
succeed
insect
military
eyes
arch
bustling
advise
license
kettle
STRING
spicy
chubby
unequaled
jail
piquant
impulse
unite
psychotic
work
branch
selective
funny
CARD
ATTEMPT
STORE
COWS
HABITUAL
PLANT
DRAG
impolite
basketball
sparkle
kindhearted
hospital
care
linen
fretful
learned
humorous
kindly
condemned
water
draconian
keen
crime
itchy
eye
position
dusty
request
sidewalk
cheat
fixed
guess
distinct
voiceless
nauseating
hope
flag
stone
observe
hot
brick
milk
grease
river
wrench
shiver
debt
snails
hunt
pretend
minister
reason
day
past
gaze
thumb
return
majestic
point
elite
like
growth
magenta
cARdS
sea
north
work
bard
recondite
valuable
beautiful
chicken
building
drawer
bake
educate
guess
turn
truculent
aboard
bag
devilish
group
barer
interfere
lavish
screeching
gainful
harass
fixed
shallow
room
threatening
deserted
spectacular
religion
three
cultured
bizarre
boil
rot
weigh
murky
selfish
rice
yielding
arrive
wink
boot
matter
clear
statuesque
fold
disturbed
vengeful
false
drag
itchy
enjoy
wonder
space
synonymous
whine
illegal
dust
poor
mend
dependent
yarn
machine
respect
accept
remarkable
compare
return
tongue
ancient
discreet
mine
vague
loving
pages
tawdry
invent
defective
screw
innate
striped
typical
position
alert
stomach
collar
bathe
accept
noise
friendly
recess
wobble
year
crooked
number
squirrel
limit
payment
superficial
route
ground
cultured
consider
branch
handsome
dangerous
scintillating
piquant
sudden
bike
uptight
side
control
dress
beautiful
pear
big
cactus
voiceless
holistic
reach
pour
elastic
hunt
stroke
dirty
guess
fold
intend
rude
psychotic
night
listen
handsomely
normal
unequaled
guttural
unhealthy
earthy
worm
pollution
plants
sister
punishment
womanly
wood
stereotyped
earn
fumbling
save
blood
thinkable
rabbit
exuberant
regret
spotty
connect
scrawny
ill
bares
futuristic
pest
summer
discover
likeable
smash
share
offer
meaty
tie
walk
wheel
ban
learn
suspend
interfere
shaggy
flame
fly
gaudy
spurious
competition
cheese
scarce
cares
soggy
curvy
thumb
thaw
brick
gruesome
tour
mysterious
living
fog
hate
flower
laughable
idiotic
step
stamp
stretch
periodic
week
unequal
buzz
oceanic
cool
sweet
walk
complete
simplistic
splendid
aberrant
late
employ
tough
bare
psychotic
tremble
lie
toes
muddle
interest
record
leather
force
cars
influence
silent
clam
dream
scale
cautious
waste
mere
damp
account
uneven
dirty
payment
view
troubled
billowy
sloppy
pages
memory
plucky
trade
wish
uptight
glossy
trap
itch
double
disturbed
public
print
shirt
able
pickle
used
crowd
foot
ubiquitous
spiritual
request
female
receipt
describe
scrub
peep
transport
baser
wooden
murder
mean
long
earthquake
alert
stage
hot
bent
stupendous
superb
panoramic
chicken
possess
friction
show
breath
lethal
mix
dispensable
move
economic
festive
squeal
acid
receipt
neck
massive
poised
scribble
increase
shoe
overwrought
dock
sloppy
discover
zinc
hug
unaccountable
untidy
righteous
crib
heal
nifty
hammer
painstaking
agreeable
unequal
literate
gratis
roof
event
knowledge
quick
cover
train
trade
smile
rapid
settle
sack
curtain
fanatical
calculate
gaping
rub
foolish
lake
screw
yummy
auspicious
cases
paper
trite
nest
influence
BASE
scandalous
hair
slimy
fairies
chilly
elastic
minister
slip
grape
two
preach
healthy
person
adventurous
unknown
exuberant
veil
wax
shame
dream
ink
recognise
train
filthy
oatmeal
obeisant
attraction
rotten
dress
choke
discovery
coat
omniscient
domineering
boiling
alarm
intelligent
nonchalant
adamant
punishment
fold
ceaseless
vanish
bright
callous
poor
hushed
lock
seal
tart
LARGE
obsequious
bait
evanescent
trashy
quartz
stupendous
exotic
cannon
mother
ill
bent
grandiose
continue
different
remove
cape
imperfect
abhorrent